[themeforest.net/item/zed-programmer-resume-portfolio-elementor-template-kit/47135920.html]
[public-assets.envato-static.com/assets/market/core/datadog-ed3b819cb569c2f9d020a8c1f03ca5b137adda30d389900e42069ac9a072f529.js]
[public-assets.envato-static.com/mp/packs/js/rollbar-f8064a3e8141637f14c6.js]
[market-resized.envatousercontent.com/themeforest.net/files/459785724/Zed - Coverimage template kit634f.jpg]
[public-assets.envato-static.com/assets/generated_sprites/logos-20f56d7ae7a08da2c6698db678490c591ce302aedb1fcd05d3ad1e1484d3caf9.png]
[public-assets.envato-static.com/assets/generated_sprites/common-5af54247f3a645893af51456ee4c483f6530608e9c15ca4a8ac5a6e994d9a340.png]
[backblue.gif]
[fade.gif]
[index.html]
[public-assets.envato-static.com/assets/icons/favicons/favicon-1147a1221bfa55e7ee6678c2566ccd7580fa564fe2172489284a1c0b1d8d595d.png]
[public-assets.envato-static.com/assets/icons/favicons/apple-touch-icon-72x72-precomposed-ea6fb08063069270d41814bdcea6a36fee5fffaba8ec1f0be6ccf3ebbb63dddb.png]
[public-assets.envato-static.com/assets/icons/favicons/apple-touch-icon-114x114-precomposed-bab982e452fbea0c6821ffac2547e01e4b78e1df209253520c7c4e293849c4d3.png]
[public-assets.envato-static.com/assets/icons/favicons/apple-touch-icon-120x120-precomposed-8275dc5d1417e913b7bd8ad048dccd1719510f0ca4434f139d675172c1095386.png]
[public-assets.envato-static.com/assets/icons/favicons/apple-touch-icon-144x144-precomposed-c581101b4f39d1ba1c4a5e45edb6b3418847c5c387b376930c6a9922071c8148.png]
[public-assets.envato-static.com/assets/icons/favicons/apple-touch-icon-precomposed-c581101b4f39d1ba1c4a5e45edb6b3418847c5c387b376930c6a9922071c8148.png]
[public-assets.envato-static.com/assets/market/core/index-dd9847f84fb155bc40f7567e229024b41421fea59832d7b3387b43b4edfcd38a.css]
[public-assets.envato-static.com/assets/market/pages/default/index-43c9e199b223db5c5bba332e76ddb21b8a94a6038c1f49a8e7d1d258d5b02293.css]
[public-assets.envato-static.com/mp/packs/css/components/brand_neue_tokens-ea3a7176.css]
[public-assets.envato-static.com/assets/market/core/head-27cdb5ede34aef07336dc99fceecaf31a2d50c9615e8116fc60965812916e464.js]
[public-assets.envato-static.com/mp/packs/js/gtm_measurements-cf2d09d3237caabe5ebd.js]
[public-assets.envato-static.com/assets/common/transparent-1px-1f61547480c17dc67dd9a6c38545a5911cc4a8024f6f3c0992e7c1c81fb37578.png]
[public-assets.envato-static.com/assets/header/items-collage-1x-a39e4a5834e75c32a634cc7311720baa491687b1aaa4b709ebd1acf0f8427b53.png]
[themeforest.net/item/zed-programmer-resume-portfolio-elementor-template-kit/47135920/comments.html]
[s3.envato.com/files/459785721/Zed - thumbnail Template Kit.png]
[s3.envato.com/files/459785727/Zed - Preview Image Set/404-page.jpg]
[s3.envato.com/files/459785727/Zed - Preview Image Set/about-me.jpg]
[s3.envato.com/files/459785727/Zed - Preview Image Set/contact-us-form.jpg]
[s3.envato.com/files/459785727/Zed - Preview Image Set/contact-us.jpg]
[s3.envato.com/files/459785727/Zed - Preview Image Set/footer.jpg]
[s3.envato.com/files/459785727/Zed - Preview Image Set/header.jpg]
[s3.envato.com/files/459785727/Zed - Preview Image Set/homepage.jpg]
[s3.envato.com/files/459785727/Zed - Preview Image Set/my-services.jpg]
[s3.envato.com/files/459785727/Zed - Preview Image Set/our-blog.jpg]
[s3.envato.com/files/459785727/Zed - Preview Image Set/pricing-plan.jpg]
[s3.envato.com/files/459785727/Zed - Preview Image Set/single-blog.jpg]
[s3.envato.com/files/459785727/Zed - Preview Image Set/single-services.jpg]
[s3.envato.com/files/459785727/Zed - Preview Image Set/single-works.jpg]
[s3.envato.com/files/459785727/Zed - Preview Image Set/testimonial.jpg]
[s3.envato.com/files/459785727/Zed - Preview Image Set/work-list.jpg]
[themeforest.net/item/zed-programmer-resume-portfolio-elementor-template-kit/screenshots/47135920.html]
[public-assets.envato-static.com/assets/header-footer/cross-sell-elements-1x-080389fdc19b4cd6f665df2a1e9d17804c7a735175b070e0ae7a9abd1c8afbce.png]
[public-assets.envato-static.com/assets/market/core/index-b0eb278b7cdd39cb3281766cf6580bfb5c2f6a00e83786a5a89655235d7b2778.js]
[public-assets.envato-static.com/assets/market/pages/default/index-faba7fdae555abc07c5937a2e409364782a57c940cbee08a5b543be3d6016215.js]
[public-assets.envato-static.com/assets/market/core/lazyload-f0fdf08f4783c5b030b32eb74e26ace288ccfeeee00a96df46f974edf09fc853.js]
[consent.cookiebot.com/uc.js]
[public-assets.envato-static.com/assets/market/core/standard_measurements-3bc54d0cbac28acaf9e49915490168f52bb9b8bea5d35f6edabb67a686a83af4.js]
[themeforest.net/item/zed-programmer-resume-portfolio-elementor-template-kit/linkid.js]
[www.google-analytics.com/analytics.js]
[themeforest.net/item/zed-programmer-resume-portfolio-elementor-template-kit/47135920.html]
[public-assets.envato-static.com/assets/common/pagination_loader-ccdae013a8bbb92cbd0d52d6e1db2fea8a05b335a67409822029a16505e9adb5.gif]
[public-assets.envato-static.com/assets/common/input-validation__pending-eda46ca6b1d93ee958f6291dcffb19f26970274b1a3405d86e6194d9486f330b.gif]
[public-assets.envato-static.com/assets/generated_sprites/logos_2x-e385160dbd01e36a8d63d91938791184292305a2df166640baee0f7be3c9b481.png]
[public-assets.envato-static.com/assets/community-research/bg-community-research-b8a71218af174a3ae434a3f085b1de4466416b2af9b6915620830121b5a93ad7.jpg]
[public-assets.envato-static.com/assets/badges/bg-badges-6eebf349b6d8ee7ced4be440ca5e67d25ec10f8dcc1ecff89b1614b32bc13e40.jpg]
[public-assets.envato-static.com/assets/common/bg-page-section--light-df7df4ee3302cefd79e92f8178eed1e5d4e535f3b5450288dcc05ba63bfbe904.png]
[public-assets.envato-static.com/assets/common/bg-page-section-a07ab97ca4070e5b25b36ca4d0f246eb1c7ed28403482e573fac8b14dcd2c112.png]
[public-assets.envato-static.com/assets/market/core/index-dd9847f84fb155bc40f7567e229024b41421fea59832d7b3387b43b4edfcd38a.css]
[public-assets.envato-static.com/assets/common/small_loader_white-6f8d2990cd27635755902725fb95d2f8cbe1730dd684ec9aeded751b88f7485f.gif]
[public-assets.envato-static.com/assets/homepage_banner-2f27e5e7bc49b0d27874d2780405656df3dc3165c3af8f67b17db02b8f3660f4.jpg]
[public-assets.envato-static.com/assets/common/small_loader-c10617fc93d9927b6ee25472fa7e3b9dc50ec6541af04dfa0acfcbca9338e79e.gif]
[public-assets.envato-static.com/assets/upload_icons/loading-40b3fa240d6110584d960ab42709b732da4cdcf9a0ebbada2eac6ec62c6d5589.gif]
[public-assets.envato-static.com/assets/upload_icons/ok-eeeeafda72aa861f7971ae20fae275d2526936792e6314c8f414eb7d08e0fc6d.png]
[public-assets.envato-static.com/assets/upload_icons/transit-b7d142c94072c8dabf73cba8b62708e64594634f836b42102f6940686b302b3f.png]
[public-assets.envato-static.com/assets/wordpress-hosting/banner_background-da1b9b0562a9dce09ff9f5a5486c29f5254f1277085a4ae57d682a474e67b144.jpg]
[public-assets.envato-static.com/assets/earnings-page/blueskies@2x-db3024d4bdd6f4ee90fc510b3bb2615c445c2d35b8ee5eaec2b5705f2f01bad0.png]
[public-assets.envato-static.com/assets/earnings-page/spacedata@2x-f9e705a99310b2156ca3851320291c5b88f1bdf1a4507368c632cb733a712861.png]
[public-assets.envato-static.com/assets/earnings-page/caveman@2x-87989dc113b31eea9fde169f7acaec88ffd11c4412b9ff8dea0e0936b81c39af.png]
[public-assets.envato-static.com/assets/common/icons-buttons/warning-b3cc41aec0313ab548b76821ddbeb11fb683276d6c6fcda231d2c7f354be87bd.png]
[public-assets.envato-static.com/assets/fancybox/fancybox_sprite-95641a3e1c130816c8ed2ededffbf5df4c74658914da2124df2e34f89513707c.png]
[public-assets.envato-static.com/assets/fancybox/fancybox_loading-4084d1397c6cb05715de996ff5cd4f7bebcb9c2b365b99ebe5f55d77fe6329ab.gif]
[public-assets.envato-static.com/assets/fancybox/blank-6e8ddbcd39cdd88619bd7ad9a69323b8a52b7fd13728152c49f9ce73671b705e.gif]
[public-assets.envato-static.com/assets/fancybox/fancybox_overlay-416ea0168151a94471c5eb980a02969b0b4be90203bc2e3cb9a1899c3f979a01.png]
[public-assets.envato-static.com/assets/fancybox/fancybox_sprite@2x-2eba1ab393d42ca60d838f0945d25995c3c1e2085e837b48e7740dd7405e4068.png]
[public-assets.envato-static.com/assets/market/pages/default/index-43c9e199b223db5c5bba332e76ddb21b8a94a6038c1f49a8e7d1d258d5b02293.css]
[public-assets.envato-static.com/assets/fancybox/fancybox_loading@2x-81f54099406cdfb7aa953f0f761cb33e15a0348842e811c02e48a21f57f02b62.gif]
[public-assets.envato-static.com/mp/packs/css/components/brand_neue_tokens-ea3a7176.css]
[www.googletagmanager.com/gtm5445.html]
[themeforest.net/item/zed-programmer-resume-portfolio-elementor-template-kit/47135920/comments.html]
[themeforest.net/item/zed-programmer-resume-portfolio-elementor-template-kit/screenshots/&quot;https_/www.youtube.com/channel/UCB1RCmPjzvFyWNN28rtwheQ&quot;.49.delayed]
[themeforest.net/item/zed-programmer-resume-portfolio-elementor-template-kit/screenshots/47135920.html]
[themeforest.net/item/zed-programmer-resume-portfolio-elementor-template-kit/linkid.js]
[public-assets.envato-static.com/images/down.png]
[themeforest.net/item/zed-programmer-resume-portfolio-elementor-template-kit/screenshots/&quot;https_/www.youtube.com/channel/UCB1RCmPjzvFyWNN28rtwheQ&quot;.html]
